grub_menu_execute_with_fallback normal
yy_delete_buffer normal
grub_script_execute_menuentry normal
grub_script_create_cmdmenu normal
read_terminal_list normal
grub_script_yyerror normal
grub_getstringwidth normal
grub_normal_print_device_info normal
grub_cmdline_get normal
grub_set_history normal
grub_puts_terminal normal
yylex_init normal
grub_script_lexer_ref normal
yyrestart normal
grub_menu_entry_run normal
grub_unicode_get_comb_type normal
grub_cmdline_run normal
grub_env_write_color_highlight normal
grub_script_function_create normal
grub_script_function_list normal
grub_utf8_to_ucs4_alloc normal
grub_script_function_call normal
grub_term_restore_pos normal
yypop_buffer_state normal
grub_script_create_cmdfor normal
yy_scan_buffer normal
yy_create_buffer normal
read_fs_list normal
grub_env_context_close normal
grub_unixtime2datetime normal
grub_set_more normal
grub_env_export normal
yyget_extra normal
grub_wait_after_message normal
yyget_leng normal
grub_script_lexer_deref normal
grub_env_get_menu normal
grub_script_parse normal
grub_script_create_cmdline normal
grub_script_mem_record normal
grub_auth_deauthenticate normal
grub_normal_add_menu_entry normal
yyget_column normal
grub_script_execute_arglist_to_argv normal
initial_menu normal
grub_auth_check_authentication normal
grub_script_execute_cmdblock normal
grub_unicode_aglomerate_comb normal
grub_script_lexer_fini normal
grub_term_save_pos normal
grub_context_init normal
grub_script_function_find normal
yylex_init_extra normal
grub_auth_unregister_authentication normal
grub_unicode_arabic_shapes normal
grub_script_execute normal
grub_gfxmenu_try_hook normal
grub_script_yyparse normal
grub_unicode_bidi_pairs normal
grub_get_weekday normal
grub_menu_init_page normal
grub_script_create_cmdwhile normal
current_menu normal
yyset_lval normal
grub_script_free normal
read_command_list normal
grub_unicode_shape_code normal
grub_bidi_logical_to_visual normal
grub_is_valid_utf8 normal
grub_auth_authenticate normal
grub_env_set_menu normal
grub_script_execute_cmdif normal
grub_menu_register_viewer normal
grub_get_weekday_name normal
yypush_buffer_state normal
grub_script_execute_cmdfor normal
yyset_extra normal
grub_menu_get_timeout normal
grub_env_context_open normal
grub_menu_set_timeout normal
grub_normal_parse_line normal
grub_menu_try_text normal
grub_script_lexer_record_stop normal
yy_flush_buffer normal
crypto_specs normal
grub_menu_execute_entry normal
grub_print_message_indented normal
grub_script_lexer_record_start normal
grub_script_create_cmdif normal
grub_env_unset_menu normal
yy_scan_string normal
grub_script_execute_cmdwhile normal
grub_script_malloc normal
grub_normal_execute normal
grub_ucs4_to_utf8_alloc normal
grub_unicode_mirror_code normal
grub_script_lexer_yywrap normal
grub_parse_color_name_pair normal
read_crypto_list normal
grub_putcode normal
grub_normal_reset_more normal
grub_normal_get_char_counter normal
grub_script_execute_cmdline normal
grub_script_create normal
yy_scan_bytes normal
users normal
yylex_destroy normal
grub_menu_get_entry normal
grub_normal_init_page normal
grub_script_add_arglist normal
grub_script_arg_add normal
grub_normal_do_completion normal
yyget_lval normal
grub_context_fini normal
grub_file_getline normal
grub_unicode_compact normal
grub_normal_init normal
grub_script_add_cmd normal
yy_switch_to_buffer normal
grub_xputs_normal normal
grub_utf8_to_utf16 normal
grub_ucs4_to_utf8 normal
grub_script_mem_record_stop normal
grub_auth_register_authentication normal
grub_enter_normal_mode normal
yyset_column normal
grub_show_menu normal
grub_print_ucs4 normal
grub_normal_fini normal
yylex normal
grub_script_function_remove normal
grub_normal_exit_level normal
yyget_text normal
grub_env_write_color_normal normal
grub_utf8_to_ucs4 normal
grub_cls normal
grub_script_yylex normal
grub_script_lexer_init normal
grub_script_lexer_record normal
