normal
grub_strlen
grub_strncpy
grub_puts_
grub_millisleep
grub_fs_autoload_hook
grub_strncmp
grub_term_input_autoload
grub_strcpy
grub_env_find
grub_loader_is_loaded
grub_strrchr
grub_partition_get_name
grub_dl_load
grub_error_push
grub_xasprintf
grub_realloc
grub_memmove
grub_device_open
grub_strdup
grub_file_get_device_name
grub_partition_iterate
grub_disk_dev_iterate
grub_command_list
grub_term_output_autoload
grub_snprintf
grub_xputs
grub_dl_ref
grub_errno
grub_parser_cmdline_state
grub_memset
grub_getkey
grub_register_variable_hook
grub_register_command_prio
grub_parser_split_cmdline
grub_printf
grub_dl_get
grub_unregister_command
grub_file_read
grub_term_outputs
grub_password_get
grub_print_error
grub_checkkey
memset
grub_zalloc
grub_strcmp
grub_strchr
grub_refresh
grub_malloc
grub_crypto_autoload_hook
grub_get_time_ms
grub_file_close
grub_file_open
grub_isspace
grub_real_dprintf
grub_env_unset
grub_device_close
grub_fs_probe
grub_strword
grub_error
grub_current_context
grub_list_remove
grub_free
grub_strndup
grub_named_list_find
grub_printf_
grub_error_pop
grub_list_push
grub_env_set
grub_isprint
grub_gettext
grub_env_get
grub_strtoul
