
Allocating common symbols
Common symbol       size              file

run_queue           0xc               raspi/process.o
free_pages          0xc               mem/mem.o
all_proc_list       0xc               raspi/process.o
fbinfo              0x24              gpu/gpu.o
current_process     0x4               raspi/process.o

Memory Configuration

Name             Origin             Length             Attributes
*default*        0x0000000000000000 0xffffffffffffffff

Linker script and memory map

                0x0000000000008000                . = 0x8000
                0x0000000000008000                __start = .
                0x0000000000008000                __text_start = .

.text           0x0000000000008000     0xb3f0
 *(.text.boot)
 .text.boot     0x0000000000008000     0x8080 boot/boot.o
                0x0000000000010000                _start
 *(.text)
 .text          0x0000000000010080        0x0 boot/boot.o
 .text          0x0000000000010080      0x218 boot/init.o
                0x0000000000010080                kernel_main
 .text          0x0000000000010298       0xc0 atag/atag.o
                0x0000000000010298                get_mem_size
 .text          0x0000000000010358      0x24c drivers/uart/uart.o
                0x0000000000010358                mmio_write
                0x0000000000010384                mmio_read
                0x00000000000103ac                delay
                0x00000000000103d8                uart_init
                0x00000000000104d8                read_flags
                0x0000000000010508                uart_putc
                0x0000000000010558                uart_getc
 .text          0x00000000000105a4      0x95c mem/mem.o
                0x00000000000105a4                append_page_list
                0x000000000001062c                push_page_list
                0x00000000000106a4                peek_page_list
                0x00000000000106cc                pop_page_list
                0x0000000000010750                size_page_list
                0x0000000000010778                next_page_list
                0x00000000000107a0                mem_init
                0x0000000000010a64                alloc_page
                0x0000000000010b18                free_page
                0x0000000000010be8                kmalloc
                0x0000000000010dc0                kfree
 .text          0x0000000000010f00      0x4cc gpu/gpu.o
                0x0000000000010f00                font
                0x0000000000010f38                write_pixel
                0x0000000000010fbc                gpu_putc
                0x00000000000112e0                gpu_init
 .text          0x00000000000113cc      0x548 common/dstdlib.o
                0x00000000000113cc                div
                0x00000000000113fc                divmod
                0x0000000000011460                memcpy
                0x00000000000114cc                bzero
                0x0000000000011520                itoa
                0x0000000000011810                atoi
 .text          0x0000000000011914      0x5bc raspi/mailbox.o
                0x0000000000011914                mailbox_read
                0x0000000000011988                mailbox_send
                0x0000000000011af0                send_messages
 .text          0x0000000000011ed0      0x6e8 raspi/interrupts.o
                0x0000000000011ed0                INTERRUPTS_ENABLED
                0x0000000000011f0c                ENABLE_INTERRUPTS
                0x0000000000011f2c                DISABLE_INTERRUPTS
                0x0000000000011f4c                interrupts_init
                0x0000000000011ff0                irq_handler
                0x0000000000012148                reset_handler
                0x000000000001216c                prefetch_abort_handler
                0x0000000000012190                data_abort_handler
                0x00000000000121b4                undefined_instruction_handler
                0x00000000000121d4                software_interrupt_handler
                0x00000000000121f4                fast_irq_handler
                0x0000000000012218                register_irq_handler
                0x00000000000123ec                unregister_irq_handler
 .text          0x00000000000125b8      0x178 raspi/timer.o
                0x0000000000012610                timer_init
                0x000000000001265c                timer_set
                0x00000000000126a8                udelay
 .text          0x0000000000012730      0x5c8 raspi/process.o
                0x0000000000012730                append_pcb_list
                0x00000000000127b8                push_pcb_list
                0x0000000000012830                peek_pcb_list
                0x0000000000012858                pop_pcb_list
                0x00000000000128dc                size_pcb_list
                0x0000000000012904                next_pcb_list
                0x000000000001292c                schedule
                0x00000000000129d0                process_init
                0x0000000000012bac                create_kernel_thread
 .text          0x0000000000012cf8      0x214 raspi/framebuffer.o
                0x0000000000012cf8                framebuffer_init
 .text          0x0000000000012f0c       0x94 raspi/interrupt_vector.o
                0x0000000000012f48                move_exception_vector
 .text          0x0000000000012fa0       0x28 raspi/process_asm.o
                0x0000000000012fa0                switch_to_thread
 .text          0x0000000000012fc8      0x428 util/kerio.o
                0x0000000000012fc8                getc
                0x0000000000012fe0                putc
                0x0000000000013008                uart_puts
                0x0000000000013068                puts
                0x00000000000130c8                gets
                0x0000000000013190                serial_printf
                0x00000000000132c0                printf

.glue_7         0x00000000000133f0        0x0
 .glue_7        0x0000000000000000        0x0 linker stubs

.glue_7t        0x00000000000133f0        0x0
 .glue_7t       0x0000000000000000        0x0 linker stubs

.vfp11_veneer   0x00000000000133f0        0x0
 .vfp11_veneer  0x0000000000000000        0x0 linker stubs

.v4_bx          0x00000000000133f0        0x0
 .v4_bx         0x0000000000000000        0x0 linker stubs

.iplt           0x00000000000133f0        0x0
 .iplt          0x0000000000000000        0x0 boot/boot.o
                0x0000000000014000                . = ALIGN (0x1000)
                0x0000000000014000                __text_end = .
                0x0000000000014000                __rodata_start = .

.rodata         0x0000000000014000      0x81c
 *(.rodata)
 .rodata        0x0000000000014000      0x188 boot/init.o
 .rodata        0x0000000000014188       0x50 atag/atag.o
 .rodata        0x00000000000141d8       0x40 mem/mem.o
 .rodata        0x0000000000014218      0x42c gpu/gpu.o
 .rodata        0x0000000000014644       0x30 raspi/mailbox.o
 .rodata        0x0000000000014674       0xf8 raspi/interrupts.o
 .rodata        0x000000000001476c        0xc raspi/timer.o
 .rodata        0x0000000000014778        0x8 raspi/process.o
 .rodata        0x0000000000014780       0x9c raspi/framebuffer.o

.rel.dyn        0x000000000001481c        0x0
 .rel.iplt      0x0000000000000000        0x0 boot/boot.o
 .rel.got       0x0000000000000000        0x0 boot/boot.o
                0x0000000000015000                . = ALIGN (0x1000)
                0x0000000000015000                __rodata_end = .
                0x0000000000015000                __data_start = .

.data           0x0000000000015000        0x4
 *(.data)
 .data          0x0000000000015000        0x0 boot/boot.o
 .data          0x0000000000015000        0x0 boot/init.o
 .data          0x0000000000015000        0x0 atag/atag.o
 .data          0x0000000000015000        0x0 drivers/uart/uart.o
 .data          0x0000000000015000        0x0 mem/mem.o
 .data          0x0000000000015000        0x0 gpu/gpu.o
 .data          0x0000000000015000        0x0 common/dstdlib.o
 .data          0x0000000000015000        0x0 raspi/mailbox.o
 .data          0x0000000000015000        0x0 raspi/interrupts.o
 .data          0x0000000000015000        0x0 raspi/timer.o
 .data          0x0000000000015000        0x4 raspi/process.o
 .data          0x0000000000015004        0x0 raspi/framebuffer.o
 .data          0x0000000000015004        0x0 raspi/interrupt_vector.o
 .data          0x0000000000015004        0x0 raspi/process_asm.o
 .data          0x0000000000015004        0x0 util/kerio.o

.igot.plt       0x0000000000015004        0x0
 .igot.plt      0x0000000000000000        0x0 boot/boot.o

.got            0x0000000000015004       0x18
 .got           0x0000000000015004       0x18 boot/boot.o

.got.plt        0x000000000001501c        0xc
 .got.plt       0x000000000001501c        0xc boot/boot.o
                0x000000000001501c                _GLOBAL_OFFSET_TABLE_
                0x0000000000016000                . = ALIGN (0x1000)
                0x0000000000016000                __data_end = .
                0x0000000000016000                __bss_start = .

.bss            0x0000000000016000      0x2c0
                0x0000000000016000                bss = .
 *(.bss)
 .bss           0x0000000000016000        0x0 boot/boot.o
 .bss           0x0000000000016000        0x0 boot/init.o
 .bss           0x0000000000016000        0x0 atag/atag.o
 .bss           0x0000000000016000        0x0 drivers/uart/uart.o
 .bss           0x0000000000016000        0xc mem/mem.o
 .bss           0x000000000001600c        0x0 gpu/gpu.o
 .bss           0x000000000001600c       0x20 common/dstdlib.o
 .bss           0x000000000001602c        0x0 raspi/mailbox.o
 .bss           0x000000000001602c      0x244 raspi/interrupts.o
 .bss           0x0000000000016270        0x4 raspi/timer.o
 .bss           0x0000000000016274        0x0 raspi/process.o
 .bss           0x0000000000016274        0x0 raspi/framebuffer.o
 .bss           0x0000000000016274        0x0 raspi/interrupt_vector.o
 .bss           0x0000000000016274        0x0 raspi/process_asm.o
 .bss           0x0000000000016274        0x0 util/kerio.o
 COMMON         0x0000000000016274        0xc mem/mem.o
                0x0000000000016274                free_pages
 COMMON         0x0000000000016280       0x24 gpu/gpu.o
                0x0000000000016280                fbinfo
 COMMON         0x00000000000162a4       0x1c raspi/process.o
                0x00000000000162a4                run_queue
                0x00000000000162b0                all_proc_list
                0x00000000000162bc                current_process
                0x0000000000017000                . = ALIGN (0x1000)
                0x0000000000017000                __bss_end = .
                0x0000000000017000                __end = .
LOAD boot/boot.o
LOAD boot/init.o
LOAD atag/atag.o
LOAD drivers/uart/uart.o
LOAD mem/mem.o
LOAD gpu/gpu.o
LOAD common/dstdlib.o
LOAD raspi/mailbox.o
LOAD raspi/interrupts.o
LOAD raspi/timer.o
LOAD raspi/process.o
LOAD raspi/framebuffer.o
LOAD raspi/interrupt_vector.o
LOAD raspi/process_asm.o
LOAD util/kerio.o
OUTPUT(quest elf32-littlearm)

.ARM.attributes
                0x0000000000000000       0x37
 .ARM.attributes
                0x0000000000000000       0x14 boot/boot.o
 .ARM.attributes
                0x0000000000000014       0x3b boot/init.o
 .ARM.attributes
                0x000000000000004f       0x3b atag/atag.o
 .ARM.attributes
                0x000000000000008a       0x3b drivers/uart/uart.o
 .ARM.attributes
                0x00000000000000c5       0x3b mem/mem.o
 .ARM.attributes
                0x0000000000000100       0x3b gpu/gpu.o
 .ARM.attributes
                0x000000000000013b       0x3b common/dstdlib.o
 .ARM.attributes
                0x0000000000000176       0x3b raspi/mailbox.o
 .ARM.attributes
                0x00000000000001b1       0x3b raspi/interrupts.o
 .ARM.attributes
                0x00000000000001ec       0x3b raspi/timer.o
 .ARM.attributes
                0x0000000000000227       0x3b raspi/process.o
 .ARM.attributes
                0x0000000000000262       0x3b raspi/framebuffer.o
 .ARM.attributes
                0x000000000000029d       0x14 raspi/interrupt_vector.o
 .ARM.attributes
                0x00000000000002b1       0x14 raspi/process_asm.o
 .ARM.attributes
                0x00000000000002c5       0x3b util/kerio.o

.comment        0x0000000000000000       0x11
 .comment       0x0000000000000000       0x11 boot/init.o
                                         0x12 (size before relaxing)
 .comment       0x0000000000000000       0x12 atag/atag.o
 .comment       0x0000000000000000       0x12 drivers/uart/uart.o
 .comment       0x0000000000000000       0x12 mem/mem.o
 .comment       0x0000000000000000       0x12 gpu/gpu.o
 .comment       0x0000000000000000       0x12 common/dstdlib.o
 .comment       0x0000000000000000       0x12 raspi/mailbox.o
 .comment       0x0000000000000000       0x12 raspi/interrupts.o
 .comment       0x0000000000000000       0x12 raspi/timer.o
 .comment       0x0000000000000000       0x12 raspi/process.o
 .comment       0x0000000000000000       0x12 raspi/framebuffer.o
 .comment       0x0000000000000000       0x12 util/kerio.o

.debug_info     0x0000000000000000     0x2891
 .debug_info    0x0000000000000000      0x418 boot/init.o
 .debug_info    0x0000000000000418      0x212 atag/atag.o
 .debug_info    0x000000000000062a      0x454 drivers/uart/uart.o
 .debug_info    0x0000000000000a7e      0x618 mem/mem.o
 .debug_info    0x0000000000001096      0x2f4 gpu/gpu.o
 .debug_info    0x000000000000138a      0x2d2 common/dstdlib.o
 .debug_info    0x000000000000165c      0x404 raspi/mailbox.o
 .debug_info    0x0000000000001a60      0x30a raspi/interrupts.o
 .debug_info    0x0000000000001d6a      0x216 raspi/timer.o
 .debug_info    0x0000000000001f80      0x46f raspi/process.o
 .debug_info    0x00000000000023ef      0x2ac raspi/framebuffer.o
 .debug_info    0x000000000000269b      0x1f6 util/kerio.o

.debug_abbrev   0x0000000000000000      0xea0
 .debug_abbrev  0x0000000000000000      0x138 boot/init.o
 .debug_abbrev  0x0000000000000138      0x106 atag/atag.o
 .debug_abbrev  0x000000000000023e      0x16a drivers/uart/uart.o
 .debug_abbrev  0x00000000000003a8      0x1d9 mem/mem.o
 .debug_abbrev  0x0000000000000581      0x10a gpu/gpu.o
 .debug_abbrev  0x000000000000068b      0x147 common/dstdlib.o
 .debug_abbrev  0x00000000000007d2      0x162 raspi/mailbox.o
 .debug_abbrev  0x0000000000000934      0x106 raspi/interrupts.o
 .debug_abbrev  0x0000000000000a3a      0x119 raspi/timer.o
 .debug_abbrev  0x0000000000000b53      0x160 raspi/process.o
 .debug_abbrev  0x0000000000000cb3       0xf6 raspi/framebuffer.o
 .debug_abbrev  0x0000000000000da9       0xf7 util/kerio.o

.debug_aranges  0x0000000000000000      0x180
 .debug_aranges
                0x0000000000000000       0x20 boot/init.o
 .debug_aranges
                0x0000000000000020       0x20 atag/atag.o
 .debug_aranges
                0x0000000000000040       0x20 drivers/uart/uart.o
 .debug_aranges
                0x0000000000000060       0x20 mem/mem.o
 .debug_aranges
                0x0000000000000080       0x20 gpu/gpu.o
 .debug_aranges
                0x00000000000000a0       0x20 common/dstdlib.o
 .debug_aranges
                0x00000000000000c0       0x20 raspi/mailbox.o
 .debug_aranges
                0x00000000000000e0       0x20 raspi/interrupts.o
 .debug_aranges
                0x0000000000000100       0x20 raspi/timer.o
 .debug_aranges
                0x0000000000000120       0x20 raspi/process.o
 .debug_aranges
                0x0000000000000140       0x20 raspi/framebuffer.o
 .debug_aranges
                0x0000000000000160       0x20 util/kerio.o

.debug_line     0x0000000000000000      0xe77
 .debug_line    0x0000000000000000      0x127 boot/init.o
 .debug_line    0x0000000000000127       0xc4 atag/atag.o
 .debug_line    0x00000000000001eb       0xf9 drivers/uart/uart.o
 .debug_line    0x00000000000002e4      0x1d5 mem/mem.o
 .debug_line    0x00000000000004b9      0x159 gpu/gpu.o
 .debug_line    0x0000000000000612      0x159 common/dstdlib.o
 .debug_line    0x000000000000076b      0x17d raspi/mailbox.o
 .debug_line    0x00000000000008e8      0x16d raspi/interrupts.o
 .debug_line    0x0000000000000a55       0xde raspi/timer.o
 .debug_line    0x0000000000000b33      0x125 raspi/process.o
 .debug_line    0x0000000000000c58       0xf1 raspi/framebuffer.o
 .debug_line    0x0000000000000d49      0x12e util/kerio.o

.debug_str      0x0000000000000000     0x102d
 .debug_str     0x0000000000000000      0x3a8 boot/init.o
                                        0x407 (size before relaxing)
 .debug_str     0x00000000000003a8       0x19 atag/atag.o
                                        0x1f7 (size before relaxing)
 .debug_str     0x00000000000003c1      0x306 drivers/uart/uart.o
                                        0x461 (size before relaxing)
 .debug_str     0x00000000000006c7      0x1eb mem/mem.o
                                        0x407 (size before relaxing)
 .debug_str     0x00000000000008b2       0xc6 gpu/gpu.o
                                        0x22e (size before relaxing)
 .debug_str     0x0000000000000978       0x85 common/dstdlib.o
                                        0x1de (size before relaxing)
 .debug_str     0x00000000000009fd       0xf0 raspi/mailbox.o
                                        0x454 (size before relaxing)
 .debug_str     0x0000000000000aed      0x23c raspi/interrupts.o
                                        0x3b5 (size before relaxing)
 .debug_str     0x0000000000000d29       0xf6 raspi/timer.o
                                        0x27a (size before relaxing)
 .debug_str     0x0000000000000e1f      0x195 raspi/process.o
                                        0x30e (size before relaxing)
 .debug_str     0x0000000000000fb4       0x25 raspi/framebuffer.o
                                        0x3c6 (size before relaxing)
 .debug_str     0x0000000000000fd9       0x54 util/kerio.o
                                        0x1ad (size before relaxing)

.debug_frame    0x0000000000000000      0x890
 .debug_frame   0x0000000000000000       0x2c boot/init.o
 .debug_frame   0x000000000000002c       0x2c atag/atag.o
 .debug_frame   0x0000000000000058       0xc8 drivers/uart/uart.o
 .debug_frame   0x0000000000000120      0x14c mem/mem.o
 .debug_frame   0x000000000000026c       0x84 gpu/gpu.o
 .debug_frame   0x00000000000002f0       0xa4 common/dstdlib.o
 .debug_frame   0x0000000000000394       0x74 raspi/mailbox.o
 .debug_frame   0x0000000000000408      0x1bc raspi/interrupts.o
 .debug_frame   0x00000000000005c4       0x90 raspi/timer.o
 .debug_frame   0x0000000000000654      0x120 raspi/process.o
 .debug_frame   0x0000000000000774       0x30 raspi/framebuffer.o
 .debug_frame   0x00000000000007a4       0xec util/kerio.o
