Archive member included to satisfy reference by file (symbol)

../libc/libc.a(stdio.o)       sysprogs/iotest.o (printf)

Allocating common symbols
Common symbol       size              file

buf                 0x10000           sysprogs/iotest.o

Discarded input sections

 .group         0x0000000000000000        0x8 ../libc/libc.a(stdio.o)
 .group         0x0000000000000000        0x8 ../libc/libc.a(stdio.o)

Memory Configuration

Name             Origin             Length             Attributes
*default*        0x0000000000000000 0xffffffffffffffff

Linker script and memory map

LOAD sysprogs/iotest.o
START GROUP
LOAD ../libc/libc.a
END GROUP
                0x0000000000001094                . = (0x1000 + SIZEOF_HEADERS)

.text           0x0000000000001094      0xd6f
 *(.text)
 .text          0x0000000000001094      0x24e sysprogs/iotest.o
                0x0000000000001103                child
                0x0000000000001287                main
 .text          0x00000000000012e2      0xb21 ../libc/libc.a(stdio.o)
                0x0000000000001388                itoa
                0x0000000000001470                printf
                0x000000000000158c                sprintf
                0x00000000000016b4                mem_init
                0x0000000000001773                malloc
                0x00000000000018a2                free
                0x0000000000001a38                exit
                0x0000000000001a4d                rand
                0x0000000000001a82                srand
                0x0000000000001a9b                atoi
                0x0000000000001aaf                clock
                0x0000000000001ac9                strlen
                0x0000000000001afa                strcpy
                0x0000000000001b2b                strncpy
                0x0000000000001b78                strcmp
                0x0000000000001bc8                memset
                0x0000000000001be9                memcpy
                0x0000000000001c0e                memcmp
                0x0000000000001c73                fread
                0x0000000000001cf7                fopen
                0x0000000000001d58                fwrite
                0x0000000000001d6c                fclose
                0x0000000000001d80                fprintf
                0x0000000000001d90                puts
                0x0000000000001dd2                _start

.iplt           0x0000000000001e08        0x0
 .iplt          0x0000000000001e08        0x0 sysprogs/iotest.o

.text.__x86.get_pc_thunk.ax
                0x0000000000001e03        0x4
 .text.__x86.get_pc_thunk.ax
                0x0000000000001e03        0x4 ../libc/libc.a(stdio.o)
                0x0000000000001e03                __x86.get_pc_thunk.ax

.text.__x86.get_pc_thunk.bx
                0x0000000000001e07        0x4
 .text.__x86.get_pc_thunk.bx
                0x0000000000001e07        0x4 ../libc/libc.a(stdio.o)
                0x0000000000001e07                __x86.get_pc_thunk.bx

.rodata         0x0000000000001e0b       0x33
 *(.rodata)
 .rodata        0x0000000000001e0b       0x2c sysprogs/iotest.o
 .rodata        0x0000000000001e37        0x7 ../libc/libc.a(stdio.o)

.eh_frame       0x0000000000001e40      0x568
 .eh_frame      0x0000000000001e40      0x104 sysprogs/iotest.o
 .eh_frame      0x0000000000001f44      0x464 ../libc/libc.a(stdio.o)
                                        0x47c (size before relaxing)

.rel.dyn        0x00000000000023a8        0x0
 .rel.got       0x00000000000023a8        0x0 sysprogs/iotest.o
 .rel.iplt      0x00000000000023a8        0x0 sysprogs/iotest.o
 .rel.text      0x00000000000023a8        0x0 sysprogs/iotest.o
                0x00000000000033a8                . = DATA_SEGMENT_ALIGN (0x1000, 0x1000)

.data           0x00000000000033a8        0x4
 *(.data)
 .data          0x00000000000033a8        0x0 sysprogs/iotest.o
 .data          0x00000000000033a8        0x4 ../libc/libc.a(stdio.o)

.got            0x00000000000033ac        0x0
 .got           0x00000000000033ac        0x0 sysprogs/iotest.o

.got.plt        0x00000000000033ac        0xc
 .got.plt       0x00000000000033ac        0xc sysprogs/iotest.o
                0x00000000000033ac                _GLOBAL_OFFSET_TABLE_

.igot.plt       0x00000000000033b8        0x0
 .igot.plt      0x00000000000033b8        0x0 sysprogs/iotest.o

.bss            0x00000000000033c0   0x1062a0
 *(.bss)
 .bss           0x00000000000033c0        0x0 sysprogs/iotest.o
 .bss           0x00000000000033c0    0xf6284 ../libc/libc.a(stdio.o)
 *(COMMON)
 *fill*         0x00000000000f9644       0x1c 
 COMMON         0x00000000000f9660    0x10000 sysprogs/iotest.o
                0x00000000000f9660                buf
OUTPUT(sysprogs/iotest elf32-i386)

.debug_info     0x0000000000000000      0xc14
 .debug_info    0x0000000000000000      0x206 sysprogs/iotest.o
 .debug_info    0x0000000000000206      0xa0e ../libc/libc.a(stdio.o)

.debug_abbrev   0x0000000000000000      0x411
 .debug_abbrev  0x0000000000000000      0x11a sysprogs/iotest.o
 .debug_abbrev  0x000000000000011a      0x2f7 ../libc/libc.a(stdio.o)

.debug_aranges  0x0000000000000000       0x40
 .debug_aranges
                0x0000000000000000       0x20 sysprogs/iotest.o
 .debug_aranges
                0x0000000000000020       0x20 ../libc/libc.a(stdio.o)

.debug_line     0x0000000000000000      0x2eb
 .debug_line    0x0000000000000000       0xbf sysprogs/iotest.o
 .debug_line    0x00000000000000bf      0x22c ../libc/libc.a(stdio.o)

.debug_str      0x0000000000000000      0x328
 .debug_str     0x0000000000000000      0x10b sysprogs/iotest.o
                                        0x127 (size before relaxing)
 .debug_str     0x000000000000010b      0x21d ../libc/libc.a(stdio.o)
                                        0x283 (size before relaxing)

.comment        0x0000000000000000       0x4c
 .comment       0x0000000000000000       0x23 sysprogs/iotest.o
                                         0x24 (size before relaxing)
 .comment       0x0000000000000023       0x29 ../libc/libc.a(stdio.o)
                                         0x2a (size before relaxing)

.note.GNU-stack
                0x0000000000000000        0x0
 .note.GNU-stack
                0x0000000000000000        0x0 sysprogs/iotest.o
 .note.GNU-stack
                0x0000000000000000        0x0 ../libc/libc.a(stdio.o)
