Archive member included to satisfy reference by file (symbol)

../libc/libc.a(stdio.o)       tests/race.o (puts)

Discarded input sections

 .group         0x0000000000000000        0x8 ../libc/libc.a(stdio.o)
 .group         0x0000000000000000        0x8 ../libc/libc.a(stdio.o)

Memory Configuration

Name             Origin             Length             Attributes
*default*        0x0000000000000000 0xffffffffffffffff

Linker script and memory map

LOAD tests/race.o
START GROUP
LOAD ../libc/libc.a
END GROUP
                0x0000000000001094                . = (0x1000 + SIZEOF_HEADERS)

.text           0x0000000000001094      0xc0f
 *(.text)
 .text          0x0000000000001094       0xee tests/race.o
                0x00000000000010c9                main
 .text          0x0000000000001182      0xb21 ../libc/libc.a(stdio.o)
                0x0000000000001228                itoa
                0x0000000000001310                printf
                0x000000000000142c                sprintf
                0x0000000000001554                mem_init
                0x0000000000001613                malloc
                0x0000000000001742                free
                0x00000000000018d8                exit
                0x00000000000018ed                rand
                0x0000000000001922                srand
                0x000000000000193b                atoi
                0x000000000000194f                clock
                0x0000000000001969                strlen
                0x000000000000199a                strcpy
                0x00000000000019cb                strncpy
                0x0000000000001a18                strcmp
                0x0000000000001a68                memset
                0x0000000000001a89                memcpy
                0x0000000000001aae                memcmp
                0x0000000000001b13                fread
                0x0000000000001b97                fopen
                0x0000000000001bf8                fwrite
                0x0000000000001c0c                fclose
                0x0000000000001c20                fprintf
                0x0000000000001c30                puts
                0x0000000000001c72                _start

.iplt           0x0000000000001ca8        0x0
 .iplt          0x0000000000001ca8        0x0 tests/race.o

.text.__x86.get_pc_thunk.ax
                0x0000000000001ca3        0x4
 .text.__x86.get_pc_thunk.ax
                0x0000000000001ca3        0x4 ../libc/libc.a(stdio.o)
                0x0000000000001ca3                __x86.get_pc_thunk.ax

.text.__x86.get_pc_thunk.bx
                0x0000000000001ca7        0x4
 .text.__x86.get_pc_thunk.bx
                0x0000000000001ca7        0x4 ../libc/libc.a(stdio.o)
                0x0000000000001ca7                __x86.get_pc_thunk.bx

.rodata         0x0000000000001cab       0x22
 *(.rodata)
 .rodata        0x0000000000001cab       0x1b tests/race.o
 .rodata        0x0000000000001cc6        0x7 ../libc/libc.a(stdio.o)

.eh_frame       0x0000000000001cd0      0x4f4
 .eh_frame      0x0000000000001cd0       0x90 tests/race.o
 .eh_frame      0x0000000000001d60      0x464 ../libc/libc.a(stdio.o)
                                        0x47c (size before relaxing)

.rel.dyn        0x00000000000021c4        0x0
 .rel.got       0x00000000000021c4        0x0 tests/race.o
 .rel.iplt      0x00000000000021c4        0x0 tests/race.o
                0x00000000000031c4                . = DATA_SEGMENT_ALIGN (0x1000, 0x1000)

.data           0x00000000000031c4        0x4
 *(.data)
 .data          0x00000000000031c4        0x0 tests/race.o
 .data          0x00000000000031c4        0x4 ../libc/libc.a(stdio.o)

.got            0x00000000000031c8        0x0
 .got           0x00000000000031c8        0x0 tests/race.o

.got.plt        0x00000000000031c8        0xc
 .got.plt       0x00000000000031c8        0xc tests/race.o
                0x00000000000031c8                _GLOBAL_OFFSET_TABLE_

.igot.plt       0x00000000000031d4        0x0
 .igot.plt      0x00000000000031d4        0x0 tests/race.o

.bss            0x00000000000031e0    0xf6284
 *(.bss)
 .bss           0x00000000000031e0        0x0 tests/race.o
 .bss           0x00000000000031e0    0xf6284 ../libc/libc.a(stdio.o)
 *(COMMON)
OUTPUT(tests/race elf32-i386)

.debug_info     0x0000000000000000      0xae5
 .debug_info    0x0000000000000000       0xd7 tests/race.o
 .debug_info    0x00000000000000d7      0xa0e ../libc/libc.a(stdio.o)

.debug_abbrev   0x0000000000000000      0x380
 .debug_abbrev  0x0000000000000000       0x89 tests/race.o
 .debug_abbrev  0x0000000000000089      0x2f7 ../libc/libc.a(stdio.o)

.debug_aranges  0x0000000000000000       0x40
 .debug_aranges
                0x0000000000000000       0x20 tests/race.o
 .debug_aranges
                0x0000000000000020       0x20 ../libc/libc.a(stdio.o)

.debug_line     0x0000000000000000      0x2d3
 .debug_line    0x0000000000000000       0xa7 tests/race.o
 .debug_line    0x00000000000000a7      0x22c ../libc/libc.a(stdio.o)

.debug_str      0x0000000000000000      0x327
 .debug_str     0x0000000000000000       0xdb tests/race.o
                                         0xee (size before relaxing)
 .debug_str     0x00000000000000db      0x24c ../libc/libc.a(stdio.o)
                                        0x283 (size before relaxing)

.comment        0x0000000000000000       0x4c
 .comment       0x0000000000000000       0x23 tests/race.o
                                         0x24 (size before relaxing)
 .comment       0x0000000000000023       0x29 ../libc/libc.a(stdio.o)
                                         0x2a (size before relaxing)

.note.GNU-stack
                0x0000000000000000        0x0
 .note.GNU-stack
                0x0000000000000000        0x0 tests/race.o
 .note.GNU-stack
                0x0000000000000000        0x0 ../libc/libc.a(stdio.o)
