
Memory Configuration

Name             Origin             Length             Attributes
*default*        0x0000000000000000 0xffffffffffffffff

Linker script and memory map

LOAD tests/test7.o
START GROUP
LOAD ../libc/libc.a
END GROUP
                0x0000000000001074                . = (0x1000 + SIZEOF_HEADERS)

.text           0x0000000000001074      0x16d
 *(.text)
 .text          0x0000000000001074      0x16d tests/test7.o
                0x00000000000010af                putx
                0x0000000000001102                print
                0x000000000000112b                child
                0x0000000000001188                _start

.iplt           0x00000000000011e8        0x0
 .iplt          0x00000000000011e8        0x0 tests/test7.o

.rodata
 *(.rodata)

.eh_frame       0x00000000000011e4      0x108
 .eh_frame      0x00000000000011e4      0x108 tests/test7.o

.rel.dyn        0x00000000000012ec        0x0
 .rel.got       0x00000000000012ec        0x0 tests/test7.o
 .rel.iplt      0x00000000000012ec        0x0 tests/test7.o
                0x00000000000022ec                . = DATA_SEGMENT_ALIGN (0x1000, 0x1000)

.data           0x00000000000022ec        0x0
 *(.data)
 .data          0x00000000000022ec        0x0 tests/test7.o

.got            0x00000000000022ec        0x0
 .got           0x00000000000022ec        0x0 tests/test7.o

.got.plt        0x00000000000022ec        0x0
 .got.plt       0x00000000000022ec        0x0 tests/test7.o

.igot.plt       0x00000000000022ec        0x0
 .igot.plt      0x00000000000022ec        0x0 tests/test7.o

.bss            0x00000000000022ec        0x0
 *(.bss)
 .bss           0x00000000000022ec        0x0 tests/test7.o
 *(COMMON)
OUTPUT(tests/test7 elf32-i386)

.debug_info     0x0000000000000000      0x1ba
 .debug_info    0x0000000000000000      0x1ba tests/test7.o

.debug_abbrev   0x0000000000000000       0xe5
 .debug_abbrev  0x0000000000000000       0xe5 tests/test7.o

.debug_aranges  0x0000000000000000       0x20
 .debug_aranges
                0x0000000000000000       0x20 tests/test7.o

.debug_line     0x0000000000000000       0xa9
 .debug_line    0x0000000000000000       0xa9 tests/test7.o

.debug_str      0x0000000000000000      0x10c
 .debug_str     0x0000000000000000      0x10c tests/test7.o
                                        0x11e (size before relaxing)

.comment        0x0000000000000000       0x23
 .comment       0x0000000000000000       0x23 tests/test7.o
                                         0x24 (size before relaxing)

.note.GNU-stack
                0x0000000000000000        0x0
 .note.GNU-stack
                0x0000000000000000        0x0 tests/test7.o
