
Memory Configuration

Name             Origin             Length             Attributes
*default*        0x0000000000000000 0xffffffffffffffff

Linker script and memory map

LOAD tests/test2.o
START GROUP
LOAD ../libc/libc.a
END GROUP
                0x0000000000001074                . = (0x1000 + SIZEOF_HEADERS)

.text           0x0000000000001074      0x14c
 *(.text)
 .text          0x0000000000001074      0x14c tests/test2.o
                0x00000000000010cb                putx
                0x000000000000111e                print
                0x0000000000001147                _start

.iplt           0x00000000000011c0        0x0
 .iplt          0x00000000000011c0        0x0 tests/test2.o

.rodata         0x00000000000011c0       0x1d
 *(.rodata)
 .rodata        0x00000000000011c0       0x1d tests/test2.o

.eh_frame       0x00000000000011e0      0x118
 .eh_frame      0x00000000000011e0      0x118 tests/test2.o

.rel.dyn        0x00000000000012f8        0x0
 .rel.got       0x00000000000012f8        0x0 tests/test2.o
 .rel.iplt      0x00000000000012f8        0x0 tests/test2.o
                0x00000000000022f8                . = DATA_SEGMENT_ALIGN (0x1000, 0x1000)

.data           0x00000000000022f8        0x0
 *(.data)
 .data          0x00000000000022f8        0x0 tests/test2.o

.got            0x00000000000022f8        0x0
 .got           0x00000000000022f8        0x0 tests/test2.o

.got.plt        0x00000000000022f8        0x0
 .got.plt       0x00000000000022f8        0x0 tests/test2.o

.igot.plt       0x00000000000022f8        0x0
 .igot.plt      0x00000000000022f8        0x0 tests/test2.o

.bss            0x00000000000022f8        0x0
 *(.bss)
 .bss           0x00000000000022f8        0x0 tests/test2.o
 *(COMMON)
OUTPUT(tests/test2 elf32-i386)

.debug_info     0x0000000000000000      0x17e
 .debug_info    0x0000000000000000      0x17e tests/test2.o

.debug_abbrev   0x0000000000000000       0xd1
 .debug_abbrev  0x0000000000000000       0xd1 tests/test2.o

.debug_aranges  0x0000000000000000       0x20
 .debug_aranges
                0x0000000000000000       0x20 tests/test2.o

.debug_line     0x0000000000000000       0x9a
 .debug_line    0x0000000000000000       0x9a tests/test2.o

.debug_str      0x0000000000000000      0x105
 .debug_str     0x0000000000000000      0x105 tests/test2.o
                                        0x117 (size before relaxing)

.comment        0x0000000000000000       0x23
 .comment       0x0000000000000000       0x23 tests/test2.o
                                         0x24 (size before relaxing)

.note.GNU-stack
                0x0000000000000000        0x0
 .note.GNU-stack
                0x0000000000000000        0x0 tests/test2.o
